
> frontend@0.0.0 build
> tsc -b && vite build

src/components/layout/AppLayout.tsx(1,8): error TS6133: 'React' is declared but its value is never read.
src/components/layout/AppLayout.tsx(4,34): error TS6133: 'FileText' is declared but its value is never read.
src/components/layout/AppLayout.tsx(4,44): error TS6133: 'ArrowRightLeft' is declared but its value is never read.
src/components/layout/AppLayout.tsx(4,74): error TS6133: 'X' is declared but its value is never read.
src/components/layout/AppLayout.tsx(4,77): error TS2724: '"lucide-react"' has no exported member named 'UsersCircle'. Did you mean 'UserCircle'?
src/components/ui/Button.tsx(1,8): error TS6133: 'React' is declared but its value is never read.
src/components/ui/Input.tsx(1,8): error TS6133: 'React' is declared but its value is never read.
src/lib/axios.ts(5,24): error TS2339: Property 'env' does not exist on type 'ImportMeta'.
src/pages/admin/UserManagement.tsx(138,35): error TS2322: Type '({ header: string; accessor: string; } | { header: string; accessor: (usr: User) => Element; } | { header: string; accessor: (usr: User) => string; })[]' is not assignable to type 'TableColumn<User>[]'.
  Type '{ header: string; accessor: string; } | { header: string; accessor: (usr: User) => Element; } | { header: string; accessor: (usr: User) => string; }' is not assignable to type 'TableColumn<User>'.
    Type '{ header: string; accessor: string; }' is not assignable to type 'TableColumn<User>'.
      Types of property 'accessor' are incompatible.
        Type 'string' is not assignable to type '(item: User) => ReactNode'.
src/pages/admin/UserManagement.tsx(156,35): error TS2322: Type '"outline"' is not assignable to type '"primary" | "secondary" | "danger" | "ghost" | undefined'.
src/pages/Dashboard.tsx(1,1): error TS6133: 'React' is declared but its value is never read.
src/pages/Dashboard.tsx(3,1): error TS6133: 'api' is declared but its value is never read.
src/pages/Login.tsx(1,1): error TS6133: 'React' is declared but its value is never read.
src/pages/Login.tsx(25,56): error TS6133: 'isSubmitting' is declared but its value is never read.
src/pages/Login.tsx(29,37): error TS2304: Cannot find name 'useState'.
src/pages/parties/PartyList.tsx(45,37): error TS6133: 'p' is declared but its value is never read.
src/pages/reports/Ledger.tsx(8,40): error TS6133: 'Printer' is declared but its value is never read.
src/pages/transactions/TransactionEntry.tsx(32,5): error TS2322: Type 'Resolver<{ txnDate: string; senderId: string; receiverId: string; amount: unknown; vatavRate: unknown; narration?: string | undefined; }, any, { txnDate: string; senderId: string; receiverId: string; amount: number; vatavRate: number; narration?: string | undefined; }>' is not assignable to type 'Resolver<{ txnDate: string; senderId: string; receiverId: string; amount: number; vatavRate: number; narration?: string | undefined; }, any, { txnDate: string; senderId: string; receiverId: string; amount: number; vatavRate: number; narration?: string | undefined; }>'.
  Types of parameters 'options' and 'options' are incompatible.
    Type 'ResolverOptions<{ txnDate: string; senderId: string; receiverId: string; amount: number; vatavRate: number; narration?: string | undefined; }>' is not assignable to type 'ResolverOptions<{ txnDate: string; senderId: string; receiverId: string; amount: unknown; vatavRate: unknown; narration?: string | undefined; }>'.
      Type 'unknown' is not assignable to type 'number'.
src/pages/transactions/TransactionEntry.tsx(68,22): error TS2345: Argument of type '(data: TxnForm) => void' is not assignable to parameter of type 'SubmitHandler<TFieldValues>'.
  Types of parameters 'data' and 'data' are incompatible.
    Type 'TFieldValues' is not assignable to type '{ txnDate: string; senderId: string; receiverId: string; amount: number; vatavRate: number; narration?: string | undefined; }'.
      Type 'FieldValues' is missing the following properties from type '{ txnDate: string; senderId: string; receiverId: string; amount: number; vatavRate: number; narration?: string | undefined; }': txnDate, senderId, receiverId, amount, vatavRate
src/pages/transactions/TransactionEntry.tsx(103,52): error TS2345: Argument of type '(data: TxnForm) => void' is not assignable to parameter of type 'SubmitHandler<TFieldValues>'.
  Types of parameters 'data' and 'data' are incompatible.
    Type 'TFieldValues' is not assignable to type '{ txnDate: string; senderId: string; receiverId: string; amount: number; vatavRate: number; narration?: string | undefined; }'.
      Type 'FieldValues' is missing the following properties from type '{ txnDate: string; senderId: string; receiverId: string; amount: number; vatavRate: number; narration?: string | undefined; }': txnDate, senderId, receiverId, amount, vatavRate
src/pages/transactions/TransactionEntry.tsx(142,55): error TS2345: Argument of type '(data: TxnForm) => void' is not assignable to parameter of type 'SubmitHandler<TFieldValues>'.
  Types of parameters 'data' and 'data' are incompatible.
    Type 'TFieldValues' is not assignable to type '{ txnDate: string; senderId: string; receiverId: string; amount: number; vatavRate: number; narration?: string | undefined; }'.
      Type 'FieldValues' is missing the following properties from type '{ txnDate: string; senderId: string; receiverId: string; amount: number; vatavRate: number; narration?: string | undefined; }': txnDate, senderId, receiverId, amount, vatavRate
